[tracxn.com/index.html]
[backblue.gif]
[fade.gif]
[index.html]
[tracxn.com/static/images/tracxn_logo_new.1.delayed]
[s3.amazonaws.com/tracxnassets/assets/tracxn-1.1/home-97f5aff696ee8fb4705ce53ddf580dfc.css]
[tracxn.com/login/forgotPassword.html]
[s3.amazonaws.com/tracxnassets/assets/static/images/spinner.gif]
[s3.amazonaws.com/tracxnassets/assets/tracxn-1.1/tracxn-21160466b2e460074a98790a6fe1e791.js]
[tracxn.com/startup.html]
[s3.amazonaws.com/tracxnassets/assets/static/images/tracxn_logo_new.png]
[tracxn.com/products/pricing.html]
[s3.amazonaws.com/tracxnassets/assets/static/images/background.jpg]
[s3.amazonaws.com/tracxnassets/assets/static/images/Deal-Sourcing.jpg]
[s3.amazonaws.com/tracxnassets/assets/static/images/Sector-Landscapes.jpg]
[s3.amazonaws.com/tracxnassets/assets/static/images/Deligence-Support.jpg]
[tracxn.com/login/auth.html]
[tracxn.com/static/images/homepage_images/icon-works.png]
[s3.amazonaws.com/tracxnassets/assets/static/images/loading.gif]
[s3.amazonaws.com/tracxnassets/assets/tracxn-1.1/home-cd3a4dd395a471d3f6575efa8c3da22f.js]
[www.google-analytics.com/analytics.js]
[tracxn.com/index.html]
[tracxn.com/static/images/tracxn_logo_new.html]
[s3.amazonaws.com/tracxnassets/assets/tracxn-1.1/fontawesome-webfont-90186830c9c50a0fed932494581761d9862f.eot]
[s3.amazonaws.com/tracxnassets/assets/tracxn-1.1/fontawesome-webfont-776d58f453c8fe5d6a89e9c31ee223ff862f.svg]
[s3.amazonaws.com/tracxnassets/assets/tracxn-1.1/fontawesome-webfont-90186830c9c50a0fed932494581761d9d41d.eot]
[s3.amazonaws.com/tracxnassets/assets/tracxn-1.1/glyphicons-halflings-regular-7ad17c6085dee9a33787bac28fb23d46.eot]
[s3.amazonaws.com/tracxnassets/assets/tracxn-1.1/glyphicons-halflings-regular-68ed1dac06bf0409c18ae7bc62889170.woff]
[s3.amazonaws.com/tracxnassets/assets/tracxn-1.1/fontawesome-webfont-fdf491ce5ff5b2da02708cd0e9864719862f.woff]
[s3.amazonaws.com/tracxnassets/assets/tracxn-1.1/glyphicons-halflings-regular-7ad17c6085dee9a33787bac28fb23d46d41d.eot]
[s3.amazonaws.com/tracxnassets/assets/tracxn-1.1/fontawesome-webfont-4f0022f25672c7f501c339cbf98d9117862f.ttf]
[s3.amazonaws.com/tracxnassets/assets/tracxn-1.1/glyphicons-halflings-regular-e49d52e74b7689a0727def99da31f3eb.ttf]
[s3.amazonaws.com/tracxnassets/assets/static/images/header-bg.gif]
[s3.amazonaws.com/tracxnassets/assets/static/images/icons.png]
[s3.amazonaws.com/tracxnassets/assets/static/images/resize.gif]
[s3.amazonaws.com/tracxnassets/assets/static/images/new_tag.png]
[s3.amazonaws.com/tracxnassets/assets/static/images/_light-gray-texture-with-diagonal-grid.png]
[s3.amazonaws.com/tracxnassets/assets/static/images/homepage_images/icon-line.png]
[s3.amazonaws.com/tracxnassets/assets/tracxn-1.1/home-97f5aff696ee8fb4705ce53ddf580dfc.css]
[s3.amazonaws.com/tracxnassets/assets/tracxn-1.1/auth-5d9d75ea392d234d01e9dc0c2ff7abb0.css]
[tracxn.com/static/images/tracxn-logo.png]
[tracxn.com/login/forgotPassword.html]
[tracxn.com/Popover requires tooltip.js]
[s3.amazonaws.com/tracxnassets/assets/static/images/tracking_load.gif]
[s3.amazonaws.com/tracxnassets/assets/tracxn-1.1/tracxn-21160466b2e460074a98790a6fe1e791.js]
[s3.amazonaws.com/tracxnassets/assets/tracxn-1.1/pricing-6cceee7c2889a179b5ee7d2432dc54af.css]
[tracxn.com/products/pricing.html]
[s3.amazonaws.com/tracxnassets/assets/tracxn-1.1/pricing-5e74eb3660636b2e28f2f17a5ca09290.js]
[s3.amazonaws.com/tracxnassets/assets/tracxn-1.1/startup-index-0b9ca044963161e57cb79f86d0f891b7.css]
[tracxn.com/startup.html]
[s3.amazonaws.com/tracxnassets/assets/tracxn-1.1/startup-index-7eec64c37b9e133e690d3738b63459e5.js]
[tracxn.com/login/auth.html]
[s3.amazonaws.com/tracxnassets/assets/tracxn-1.1/home-cd3a4dd395a471d3f6575efa8c3da22f.js]
[s3.amazonaws.com/tracxnassets/assets/tracxn-1.1/auth-51f5f9ae478c93fcf5e3158063a6d67e.js]
[s3.amazonaws.com/tracxnassets/assets/tracxn-1.1/fontawesome-webfont-776d58f453c8fe5d6a89e9c31ee223ff862f.svg]
[s3.amazonaws.com/tracxnassets/assets/tracxn-1.1/glyphicons-halflings-regular-32941d6330044744c02493835b799e90.svg]
[s3.amazonaws.com/tracxnassets/assets/static/images/skin/csv.png]
[s3.amazonaws.com/tracxnassets/assets/static/images/skin/excel.png]
[s3.amazonaws.com/tracxnassets/assets/static/images/skin/pdf.png]
[s3.amazonaws.com/tracxnassets/assets/static/images/skin/xml.png]
[s3.amazonaws.com/tracxnassets/assets/static/images/skin/rtf.png]
[s3.amazonaws.com/tracxnassets/assets/static/images/skin/ods.png]
[s3.amazonaws.com/static/images/spinner.gif]
[s3.amazonaws.com/images/homepage_images/icon-line.png]
[s3.amazonaws.com/tracxnassets/assets/tracxn-1.1/filters.svg]
[s3.amazonaws.com/tracxnassets/assets/tracxn-1.1/auth-5d9d75ea392d234d01e9dc0c2ff7abb0.css]
[s3.amazonaws.com/tracxnassets/assets/tracxn-1.1/forgot-password-ff5af45c2c1ea3d63d753fd0bf403880.js]
[tracxn.com/Popover requires tooltip.html]
[s3.amazonaws.com/tracxnassets/assets/tracxn-1.1/pricing-6cceee7c2889a179b5ee7d2432dc54af.css]
[tracxn.com/products/Popover requires tooltip.b1.delayed]
[s3.amazonaws.com/tracxnassets/assets/tracxn-1.1/pricing-5e74eb3660636b2e28f2f17a5ca09290.js]
[s3.amazonaws.com/tracxnassets/assets/tracxn-1.1/startup-index-0b9ca044963161e57cb79f86d0f891b7.css]
[s3.amazonaws.com/tracxnassets/assets/tracxn-1.1/startup-index-7eec64c37b9e133e690d3738b63459e5.js]
[s3.amazonaws.com/tracxnassets/assets/tracxn-1.1/http_/fonts.googleapis.com/cssfdad]
[tracxn.com/login/Popover requires tooltip.b2.delayed]
[s3.amazonaws.com/tracxnassets/assets/tracxn-1.1/auth-51f5f9ae478c93fcf5e3158063a6d67e.js]
[tracxn.com/products/Popover requires tooltip.html]
[tracxn.com/blog.html]
[tracxn.com/login/Popover requires tooltip.html]
